Unity Editor version:    6000.5.8f1 (5cb7df797b7d)
Branch:                  6000.5/staging
Build type:              Release
Batch mode:              YES
macOS version:           Version 27.0 (Build 26A428)
Darwin version:          27.0.0
Architecture:            arm64
Running under Rosetta:   NO
Available memory:        65536 MB
Date:                    2026-10-04T15:11:43Z
[Licensing::Module] Trying to connect to existing licensing client channel...
[Licensing::IpcConnector] Successfully connected to: "LicenseClient-philipp" at "2026-10-04T15:11:43.45459Z"
Launching external process: /Applications/Unity/Hub/Editor/6000.5.8f1/Unity.app/Contents/Helpers/PackageManager/Server/UnityPackageManager

COMMAND LINE ARGUMENTS:
/Applications/Unity/Hub/Editor/6000.5.8f1/Unity.app/Contents/MacOS/Unity
-batchmode
-nographics
-projectPath
/Users/philipp/Projects/3DTD/3DTD/3DTD
-executeMethod
ProfileReport.Run
-profileFile
/Users/philipp/Projects/3DTD/tasks/perf/profile-s1.raw
-logFile
tasks/perf/logs/profile-report.log
Successfully changed project path to: /Users/philipp/Projects/3DTD/3DTD/3DTD
/Users/philipp/Projects/3DTD/3DTD/3DTD
[UnityMemory] Configuration Parameters - Can be set up in boot.config
    "memorysetup-temp-allocator-size-gi-baking-worker=262144"
    "memorysetup-temp-allocator-size-gi-baking-worker=262144"
    "memorysetup-temp-allocator-size-gi-baking-worker=262144"
    "memorysetup-temp-allocator-size-gi-baking-worker=262144"
    "memorysetup-temp-allocator-size-gi-baking-worker=262144"
    "memorysetup-temp-allocator-size-nav-mesh-worker=65536"
    "memorysetup-temp-allocator-size-audio-worker=65536"
    "memorysetup-temp-allocator-size-cloud-worker=32768"
    "memorysetup-allocator-temp-initial-block-size-main=262144"
    "memorysetup-allocator-temp-initial-block-size-worker=262144"
    "memorysetup-temp-allocator-size-preload-manager=33554432"
    "memorysetup-temp-allocator-size-gfx=262144"
    "memorysetup-temp-allocator-size-background-worker=32768"
    "memorysetup-temp-allocator-size-job-worker=262144"
    "memorysetup-bucket-allocator-granularity=16"
    "memorysetup-bucket-allocator-bucket-count=8"
    "memorysetup-bucket-allocator-block-size=33554432"
    "memorysetup-bucket-allocator-block-count=8"
    "memorysetup-main-allocator-block-size=16777216"
    "memorysetup-thread-allocator-block-size=16777216"
    "memorysetup-main-allocator-mimalloc-enabled=0"
    "memorysetup-gfx-main-allocator-block-size=16777216"
    "memorysetup-gfx-thread-allocator-block-size=16777216"
    "memorysetup-cache-allocator-block-size=4194304"
    "memorysetup-typetree-allocator-block-size=2097152"
    "memorysetup-profiler-bucket-allocator-granularity=16"
    "memorysetup-profiler-bucket-allocator-bucket-count=8"
    "memorysetup-profiler-bucket-allocator-block-size=33554432"
    "memorysetup-profiler-bucket-allocator-block-count=8"
    "memorysetup-profiler-allocator-block-size=16777216"
    "memorysetup-profiler-editor-allocator-block-size=1048576"
    "memorysetup-temp-allocator-size-main=16777216"
    "memorysetup-job-temp-allocator-block-size=2097152"
    "memorysetup-job-temp-allocator-block-size-background=1048576"
    "memorysetup-job-temp-allocator-reduction-small-platforms=262144"
Logging is directed to a specific file, skipping project log.Player connection [8171323264]  Target information:

Player connection [8171323264]  * "[IP] 192.168.178.132 [Port] 55504 [Flags] 2 [Guid] 3275763987 [EditorId] 3275763987 [Version] 1048832 [Id] OSXEditor(0,Philipps-Mac-LAN.fritz.box) [Debug] 1 [PackageName] OSXEditor [ProjectName] Editor" 

Player connection [8171323264]  * "[IP] 192.168.178.133 [Port] 55504 [Flags] 2 [Guid] 3275763987 [EditorId] 3275763987 [Version] 1048832 [Id] OSXEditor(0,Philipps-Mac-LAN.fritz.box) [Debug] 1 [PackageName] OSXEditor [ProjectName] Editor" 

Player connection [8171323264]  * "[IP] 192.168.139.3 [Port] 55504 [Flags] 2 [Guid] 3275763987 [EditorId] 3275763987 [Version] 1048832 [Id] OSXEditor(0,Philipps-Mac-LAN.fritz.box) [Debug] 1 [PackageName] OSXEditor [ProjectName] Editor" 

Player connection [8171323264]  * "[IP] 192.168.215.0 [Port] 55504 [Flags] 2 [Guid] 3275763987 [EditorId] 3275763987 [Version] 1048832 [Id] OSXEditor(0,Philipps-Mac-LAN.fritz.box) [Debug] 1 [PackageName] OSXEditor [ProjectName] Editor" 

Player connection [8171323264]  * "[IP] 192.168.97.0 [Port] 55504 [Flags] 2 [Guid] 3275763987 [EditorId] 3275763987 [Version] 1048832 [Id] OSXEditor(0,Philipps-Mac-LAN.fritz.box) [Debug] 1 [PackageName] OSXEditor [ProjectName] Editor" 

Player connection [8171323264] Host joined multi-casting on [225.0.0.222:54997]...
Player connection [8171323264] Host joined alternative multi-casting on [225.0.0.222:34997]...
Input System module state changed to: Initialized.
[Physics::Module] Initialized fallback backend.
[Physics::Module] Id: 0xdecafbad
[Package Manager] Connected to IPC stream "Upm-78599" after 0.1 seconds.
[Licensing::Module] Licensing is not yet initialized.
[Licensing::Client] Handshaking with LicensingClient:
  Version:                 1.18.3+d7ffd15
  Session Id:              d8e9405b0273478db8706870104baf7b
  Correlation Id:          910c49780be0d37de9010221086ac5fe
  External correlation Id: 5818588372689366904
  Machine Id:              RvZ12cVBd6PoVZKbkiBOwYmsOqI=
[Licensing::Module] Successfully connected to LicensingClient on channel: "LicenseClient-philipp" (connect: 0.00s, validation: 0.00s, handshake: 0.27s)
[Licensing::IpcConnector] Successfully connected to: "LicenseClient-philipp-notifications" at "2026-10-04T15:11:43.725359Z"
[Licensing::Module] Error: Access token is unavailable; failed to update
[Licensing::Client] Successfully resolved entitlement details
[Licensing::Module] License group:
  Id: F4-E4SU-4NGG-F7VJ-4QU2-XXXX
  Product: Unity Personal
  Type: ULF
  Expiration: Unlimited
[Licensing::Module] License group:
  Id: 9071000562088-UnityPersXXXX
  Product: Unity Personal
  Type: Assigned
  Expiration: Unlimited
[Licensing::Client] Successfully updated license, isAsync: True, time: 0.00
[Licensing::Client] Successfully resolved entitlement details
[Licensing::Module] License group:
  Id: F4-E4SU-4NGG-F7VJ-4QU2-XXXX
  Product: Unity Personal
  Type: ULF
  Expiration: Unlimited
[Licensing::Module] License group:
  Id: 9071000562088-UnityPersXXXX
  Product: Unity Personal
  Type: Assigned
  Expiration: Unlimited
[Licensing::Module] Licensing Background thread has ended after 0.27s
[Licensing::Module] Licensing is initialized (took 0.08s).
[Licensing::Client] Successfully resolved entitlement details
[Licensing::Module] License group:
  Id: F4-E4SU-4NGG-F7VJ-4QU2-XXXX
  Product: Unity Personal
  Type: ULF
  Expiration: Unlimited
[Licensing::Module] License group:
  Id: 9071000562088-UnityPersXXXX
  Product: Unity Personal
  Type: Assigned
  Expiration: Unlimited
Library Redirect Path: Library/
[Physics::Module] Selected backend.
[Physics::Module] Name: PhysX
[Physics::Module] Id: 0xf2b8ea05
[Physics::Module] SDK Version: 4.1.2
[Physics::Module] Integration Version: 1.0.0
[Physics::Module] Threading Mode: Multi-Threaded
Initialize engine version: 6000.5.8f1 (5cb7df797b7d)
[Subsystems] Discovering subsystems at path /Applications/Unity/Hub/Editor/6000.5.8f1/Unity.app/Contents/Resources/UnitySubsystems
[Subsystems] Discovering subsystems at path /Users/philipp/Projects/3DTD/3DTD/3DTD/Assets
Forcing GfxDevice: Null
GfxDevice: creating device client; kGfxThreadingModeNonThreaded
NullGfxDevice:
    Version:  NULL 1.0 [1.0]
    Renderer: Null Device
    Vendor:   Unity Technologies
Initialize mono
Mono path[0] = '/Applications/Unity/Hub/Editor/6000.5.8f1/Unity.app/Contents/Resources/Scripting/Managed'
Mono path[1] = '/Applications/Unity/Hub/Editor/6000.5.8f1/Unity.app/Contents/Resources/Scripting/BCLExtensions/runtime/netstandard2.1'
Mono path[2] = '/Applications/Unity/Hub/Editor/6000.5.8f1/Unity.app/Contents/Resources/Scripting/MonoBleedingEdge/lib/mono/unityjit-macos'
Mono config path = '/Applications/Unity/Hub/Editor/6000.5.8f1/Unity.app/Contents/Resources/Scripting/MonoBleedingEdge/etc'
Using monoOptions --debugger-agent=transport=dt_socket,embedding=1,server=y,suspend=n,address=127.0.0.1:56599
CodeReloadManager initialized
ImportWorker Server TCP listen port: 0
AcceleratorClientConnectionCallback - disconnected - :0
Begin MonoManager ReloadAssembly
Registering precompiled unity dll's ...
Register platform support module: /Applications/Unity/Hub/Editor/6000.5.8f1/PlaybackEngines/WebGLSupport/UnityEditor.WebGL.Extensions.dll
Register platform support module: /Applications/Unity/Hub/Editor/6000.5.8f1/PlaybackEngines/MacStandaloneSupport/UnityEditor.OSXStandalone.Extensions.dll
Register platform support module: /Applications/Unity/Hub/Editor/6000.5.8f1/PlaybackEngines/WindowsStandaloneSupport/UnityEditor.WindowsStandalone.Extensions.dll
[Licensing::Client] Successfully resolved entitlement details
[Licensing::Module] License group:
  Id: F4-E4SU-4NGG-F7VJ-4QU2-XXXX
  Product: Unity Personal
  Type: ULF
  Expiration: Unlimited
[Licensing::Module] License group:
  Id: 9071000562088-UnityPersXXXX
  Product: Unity Personal
  Type: Assigned
  Expiration: Unlimited
Register platform support module: /Applications/Unity/Hub/Editor/6000.5.8f1/PlaybackEngines/AndroidPlayer/UnityEditor.Android.Extensions.dll
[Licensing::Client] Successfully resolved entitlement details
[Licensing::Module] License group:
  Id: F4-E4SU-4NGG-F7VJ-4QU2-XXXX
  Product: Unity Personal
  Type: ULF
  Expiration: Unlimited
[Licensing::Module] License group:
  Id: 9071000562088-UnityPersXXXX
  Product: Unity Personal
  Type: Assigned
  Expiration: Unlimited
Register platform support module: /Applications/Unity/Hub/Editor/6000.5.8f1/PlaybackEngines/iOSSupport/UnityEditor.iOS.Extensions.dll
Register platform support module: /Applications/Unity/Hub/Editor/6000.5.8f1/PlaybackEngines/LinuxStandaloneSupport/UnityEditor.LinuxStandalone.Extensions.dll
Registered in 0.016575 seconds.
Native extension for LinuxStandalone target not found
[usbmuxd] Start listen thread
[usbmuxd] Listen thread started
[usbmuxd] Send listen message
Native extension for iOS target not found
Native extension for Android target not found
Native extension for WindowsStandalone target not found
Native extension for OSXStandalone target not found
Native extension for WebGL target not found
Package Manager log level set to [2]
[Licensing::Client] Successfully resolved entitlement details
ScheduleIndexationOnStartup MainProcess:False IndexOnStartup:True
Mono: successfully reloaded assembly
- Finished resetting the current domain, in  1.597 seconds
Domain Reload Profiling: 1856ms
	BeginReloadAssembly (55ms)
		CreateAndSetChildDomain (14ms)
	RebuildNativeTypeToScriptingClass (9ms)
	initialDomainReloadingComplete (42ms)
	LoadAllAssembliesAndSetupDomain (150ms)
		LoadAssemblies (42ms)
		AnalyzeDomain (112ms)
			TypeCache.Refresh (111ms)
				TypeCache.ScanAssembly (103ms)
	FinalizeReload (1598ms)
		SetupLoadedEditorAssemblies (0ms)
			InitializePlatformSupportModulesInManaged (36ms)
			BeforeProcessingInitializeOnLoad (40ms)
			ProcessInitializeOnLoadAttributes (46ms)
			ProcessInitializeOnLoadMethodAttributes (1442ms)
[Licensing::Client] Successfully resolved entitlement details
[Licensing::Module] License group:
  Id: F4-E4SU-4NGG-F7VJ-4QU2-XXXX
  Product: Unity Personal
  Type: ULF
  Expiration: Unlimited
[Licensing::Module] License group:
  Id: 9071000562088-UnityPersXXXX
  Product: Unity Personal
  Type: Assigned
  Expiration: Unlimited
Application.AssetDatabase Initial Refresh Start
[Package Manager] Restoring resolved packages state from cache
[Licensing::Client] Successfully resolved entitlement details
[Package Manager] Registered 59 packages:
  Packages from [https://packages.unity.com]:
    com.unity.ai.navigation@2.0.14 (location: /Users/philipp/Projects/3DTD/3DTD/3DTD/Library/PackageCache/com.unity.ai.navigation@134dd6a3b97b)
    com.unity.burst@1.8.30 (location: /Users/philipp/Projects/3DTD/3DTD/3DTD/Library/PackageCache/com.unity.burst@2f3d916873ea)
    com.unity.collab-proxy@2.13.5 (location: /Users/philipp/Projects/3DTD/3DTD/3DTD/Library/PackageCache/com.unity.collab-proxy@120d77864ebc)
    com.unity.ide.rider@3.0.38 (location: /Users/philipp/Projects/3DTD/3DTD/3DTD/Library/PackageCache/com.unity.ide.rider@1f60b3138684)
    com.unity.ide.visualstudio@2.0.26 (location: /Users/philipp/Projects/3DTD/3DTD/3DTD/Library/PackageCache/com.unity.ide.visualstudio@a99d56dec63f)
    com.unity.nuget.newtonsoft-json@3.2.2 (location: /Users/philipp/Projects/3DTD/3DTD/3DTD/Library/PackageCache/com.unity.nuget.newtonsoft-json@4dfd81071c64)
    com.unity.timeline@1.8.12 (location: /Users/philipp/Projects/3DTD/3DTD/3DTD/Library/PackageCache/com.unity.timeline@8cd8509afae5)
    com.unity.searcher@4.9.5 (location: /Users/philipp/Projects/3DTD/3DTD/3DTD/Library/PackageCache/com.unity.searcher@a463122f2c00)
    com.unity.nuget.mono-cecil@1.11.6 (location: /Users/philipp/Projects/3DTD/3DTD/3DTD/Library/PackageCache/com.unity.nuget.mono-cecil@ecb9724e46ff)
    com.unity.test-framework.performance@3.5.0 (location: /Users/philipp/Projects/3DTD/3DTD/3DTD/Library/PackageCache/com.unity.test-framework.performance@8b56083ec0f0)
  Built-in packages:
    com.unity.2d.sprite@1.0.0 (location: /Users/philipp/Projects/3DTD/3DTD/3DTD/Library/PackageCache/com.unity.2d.sprite@053a968eab56)
    com.unity.multiplayer.center@1.0.1 (location: /Users/philipp/Projects/3DTD/3DTD/3DTD/Library/PackageCache/com.unity.multiplayer.center@b860850997d0)
    com.unity.render-pipelines.universal@17.5.0 (location: /Users/philipp/Projects/3DTD/3DTD/3DTD/Library/PackageCache/com.unity.render-pipelines.universal@73b4c4ff130e)
    com.unity.test-framework@1.7.0 (location: /Users/philipp/Projects/3DTD/3DTD/3DTD/Library/PackageCache/com.unity.test-framework@1405238725ab)
    com.unity.ugui@2.5.0 (location: /Users/philipp/Projects/3DTD/3DTD/3DTD/Library/PackageCache/com.unity.ugui@1c4864518158)
    com.unity.visualeffectgraph@17.5.0 (location: /Users/philipp/Projects/3DTD/3DTD/3DTD/Library/PackageCache/com.unity.visualeffectgraph@b1f03b147b92)
    com.unity.modules.accessibility@1.0.0 (location: /Users/philipp/Projects/3DTD/3DTD/3DTD/Library/PackageCache/com.unity.modules.accessibility)
    com.unity.modules.adaptiveperformance@1.0.0 (location: /Users/philipp/Projects/3DTD/3DTD/3DTD/Library/PackageCache/com.unity.modules.adaptiveperformance)
    com.unity.modules.ai@1.0.0 (location: /Users/philipp/Projects/3DTD/3DTD/3DTD/Library/PackageCache/com.unity.modules.ai)
    com.unity.modules.androidjni@1.0.0 (location: /Users/philipp/Projects/3DTD/3DTD/3DTD/Library/PackageCache/com.unity.modules.androidjni)
    com.unity.modules.animation@1.0.0 (location: /Users/philipp/Projects/3DTD/3DTD/3DTD/Library/PackageCache/com.unity.modules.animation)
    com.unity.modules.assetbundle@1.0.0 (location: /Users/philipp/Projects/3DTD/3DTD/3DTD/Library/PackageCache/com.unity.modules.assetbundle)
    com.unity.modules.audio@1.0.0 (location: /Users/philipp/Projects/3DTD/3DTD/3DTD/Library/PackageCache/com.unity.modules.audio)
    com.unity.modules.cloth@1.0.0 (location: /Users/philipp/Projects/3DTD/3DTD/3DTD/Library/PackageCache/com.unity.modules.cloth)
    com.unity.modules.director@1.0.0 (location: /Users/philipp/Projects/3DTD/3DTD/3DTD/Library/PackageCache/com.unity.modules.director)
    com.unity.modules.imageconversion@1.0.0 (location: /Users/philipp/Projects/3DTD/3DTD/3DTD/Library/PackageCache/com.unity.modules.imageconversion)
    com.unity.modules.imgui@1.0.0 (location: /Users/philipp/Projects/3DTD/3DTD/3DTD/Library/PackageCache/com.unity.modules.imgui)
    com.unity.modules.jsonserialize@1.0.0 (location: /Users/philipp/Projects/3DTD/3DTD/3DTD/Library/PackageCache/com.unity.modules.jsonserialize)
    com.unity.modules.particlesystem@1.0.0 (location: /Users/philipp/Projects/3DTD/3DTD/3DTD/Library/PackageCache/com.unity.modules.particlesystem)
    com.unity.modules.physics@1.0.0 (location: /Users/philipp/Projects/3DTD/3DTD/3DTD/Library/PackageCache/com.unity.modules.physics)
    com.unity.modules.physics2d@1.0.0 (location: /Users/philipp/Projects/3DTD/3DTD/3DTD/Library/PackageCache/com.unity.modules.physics2d)
    com.unity.modules.physicscore2d@1.0.0 (location: /Users/philipp/Projects/3DTD/3DTD/3DTD/Library/PackageCache/com.unity.modules.physicscore2d)
    com.unity.modules.screencapture@1.0.0 (location: /Users/philipp/Projects/3DTD/3DTD/3DTD/Library/PackageCache/com.unity.modules.screencapture)
    com.unity.modules.terrain@1.0.0 (location: /Users/philipp/Projects/3DTD/3DTD/3DTD/Library/PackageCache/com.unity.modules.terrain)
    com.unity.modules.terrainphysics@1.0.0 (location: /Users/philipp/Projects/3DTD/3DTD/3DTD/Library/PackageCache/com.unity.modules.terrainphysics)
    com.unity.modules.tilemap@1.0.0 (location: /Users/philipp/Projects/3DTD/3DTD/3DTD/Library/PackageCache/com.unity.modules.tilemap)
    com.unity.modules.ui@1.0.0 (location: /Users/philipp/Projects/3DTD/3DTD/3DTD/Library/PackageCache/com.unity.modules.ui)
    com.unity.modules.uielements@1.0.0 (location: /Users/philipp/Projects/3DTD/3DTD/3DTD/Library/PackageCache/com.unity.modules.uielements)
    com.unity.modules.umbra@1.0.0 (location: /Users/philipp/Projects/3DTD/3DTD/3DTD/Library/PackageCache/com.unity.modules.umbra)
    com.unity.modules.unityanalytics@1.0.0 (location: /Users/philipp/Projects/3DTD/3DTD/3DTD/Library/PackageCache/com.unity.modules.unityanalytics)
    com.unity.modules.unitywebrequest@1.0.0 (location: /Users/philipp/Projects/3DTD/3DTD/3DTD/Library/PackageCache/com.unity.modules.unitywebrequest)
    com.unity.modules.unitywebrequestassetbundle@1.0.0 (location: /Users/philipp/Projects/3DTD/3DTD/3DTD/Library/PackageCache/com.unity.modules.unitywebrequestassetbundle)
    com.unity.modules.unitywebrequestaudio@1.0.0 (location: /Users/philipp/Projects/3DTD/3DTD/3DTD/Library/PackageCache/com.unity.modules.unitywebrequestaudio)
    com.unity.modules.unitywebrequesttexture@1.0.0 (location: /Users/philipp/Projects/3DTD/3DTD/3DTD/Library/PackageCache/com.unity.modules.unitywebrequesttexture)
    com.unity.modules.unitywebrequestwww@1.0.0 (location: /Users/philipp/Projects/3DTD/3DTD/3DTD/Library/PackageCache/com.unity.modules.unitywebrequestwww)
    com.unity.modules.vectorgraphics@1.0.0 (location: /Users/philipp/Projects/3DTD/3DTD/3DTD/Library/PackageCache/com.unity.modules.vectorgraphics)
    com.unity.modules.vehicles@1.0.0 (location: /Users/philipp/Projects/3DTD/3DTD/3DTD/Library/PackageCache/com.unity.modules.vehicles)
    com.unity.modules.video@1.0.0 (location: /Users/philipp/Projects/3DTD/3DTD/3DTD/Library/PackageCache/com.unity.modules.video)
    com.unity.modules.wind@1.0.0 (location: /Users/philipp/Projects/3DTD/3DTD/3DTD/Library/PackageCache/com.unity.modules.wind)
    com.unity.modules.xr@1.0.0 (location: /Users/philipp/Projects/3DTD/3DTD/3DTD/Library/PackageCache/com.unity.modules.xr)
    com.unity.modules.subsystems@1.0.0 (location: /Users/philipp/Projects/3DTD/3DTD/3DTD/Library/PackageCache/com.unity.modules.subsystems)
    com.unity.modules.hierarchycore@1.0.0 (location: /Users/philipp/Projects/3DTD/3DTD/3DTD/Library/PackageCache/com.unity.modules.hierarchycore)
    com.unity.shadergraph@17.5.0 (location: /Users/philipp/Projects/3DTD/3DTD/3DTD/Library/PackageCache/com.unity.shadergraph@8d7376ec43ee)
    com.unity.render-pipelines.core@17.5.0 (location: /Users/philipp/Projects/3DTD/3DTD/3DTD/Library/PackageCache/com.unity.render-pipelines.core@a4c9a9793789)
    com.unity.ext.nunit@2.1.0 (location: /Users/philipp/Projects/3DTD/3DTD/3DTD/Library/PackageCache/com.unity.ext.nunit@44f7d31723bd)
    com.unity.render-pipelines.universal-config@17.5.0 (location: /Users/philipp/Projects/3DTD/3DTD/3DTD/Library/PackageCache/com.unity.render-pipelines.universal-config@fdda01c80fe3)
    com.unity.collections@6.5.0 (location: /Users/philipp/Projects/3DTD/3DTD/3DTD/Library/PackageCache/com.unity.collections@ec2c217e4cb2)
    com.unity.mathematics@1.4.0 (location: /Users/philipp/Projects/3DTD/3DTD/3DTD/Library/PackageCache/com.unity.mathematics@981956d94fb6)
  Git packages:
    com.unify.unified-universal-blur@https://github.com/lukakldiashvili/Unified-Universal-Blur.git#0.9.0 (location: /Users/philipp/Projects/3DTD/3DTD/3DTD/Library/PackageCache/com.unify.unified-universal-blur@6a18634d9a56)
[Subsystems] No new subsystems found in resolved package list.
[Package Manager] Done registering packages in 0.01 seconds
info: Microsoft.Hosting.Lifetime[14]
      Now listening on: http://unix:/tmp/ilpp.sock-abe43804ae87d25423edb61801c047fd
info: Microsoft.Hosting.Lifetime[0]
      Application started. Press Ctrl+C to shut down.
info: Microsoft.Hosting.Lifetime[0]
      Hosting environment: Production
info: Microsoft.Hosting.Lifetime[0]
      Content root path: /Users/philipp/Projects/3DTD/3DTD/3DTD
info: Microsoft.AspNetCore.Hosting.Diagnostics[1]
      Request starting HTTP/2 POST http://ilpp/UnityILPP.PostProcessing/Ping - application/grpc -
info: Microsoft.AspNetCore.Routing.EndpointMiddleware[0]
      Executing endpoint 'gRPC - /UnityILPP.PostProcessing/Ping'
info: Microsoft.AspNetCore.Routing.EndpointMiddleware[1]
      Executed endpoint 'gRPC - /UnityILPP.PostProcessing/Ping'
info: Microsoft.AspNetCore.Hosting.Diagnostics[2]
      Request finished HTTP/2 POST http://ilpp/UnityILPP.PostProcessing/Ping - 200 - application/grpc 13.9404ms
Starting: /Applications/Unity/Hub/Editor/6000.5.8f1/Unity.app/Contents/Resources/BuildPipeline/bee_backend --ipc --defer-dag-verification --dagfile="Library/Bee/200b0aE.dag" --continue-on-failure --profile="Library/Bee/backend1.traceevents" ScriptAssemblies
WorkingDir: /Users/philipp/Projects/3DTD/3DTD/3DTD
DisplayProgressbar: Compiling Scripts
info: Microsoft.AspNetCore.Hosting.Diagnostics[1]
      Request starting HTTP/2 POST http://ilpp/UnityILPP.PostProcessing/ConfigurePostProcessors - application/grpc -
info: Microsoft.AspNetCore.Routing.EndpointMiddleware[0]
      Executing endpoint 'gRPC - /UnityILPP.PostProcessing/ConfigurePostProcessors'
warn: Unity.ILPP.Runner.PostProcessingAssemblyLoadContext[0]
      Assembly unityeditor.ios.extensions.xcode has duplicate hint path. Ignoring "/Applications/Unity/Hub/Editor/6000.5.8f1/PlaybackEngines/iOSSupport/UnityEditor.iOS.Extensions.Xcode.dll" in favor of "/Applications/Unity/Hub/Editor/6000.5.8f1/PlaybackEngines/MacStandaloneSupport/UnityEditor.iOS.Extensions.Xcode.dll"
info: Unity.ILPP.Runner.PostProcessingAssemblyLoadContext[0]
      Resolved Unity.Burst.Cecil, Version=0.11.6.0, Culture=neutral, PublicKeyToken=50cebf1cceb9d05e with Library/PackageCache/com.unity.burst@2f3d916873ea/Unity.Burst.CodeGen/Unity.Burst.Cecil.dll
info: Unity.ILPP.Runner.PostProcessingAssemblyLoadContext[0]
      Resolved Mono.Cecil, Version=0.11.5.0, Culture=neutral, PublicKeyToken=50cebf1cceb9d05e with Library/PackageCache/com.unity.nuget.mono-cecil@ecb9724e46ff/Mono.Cecil.dll
info: Microsoft.AspNetCore.Routing.EndpointMiddleware[1]
      Executed endpoint 'gRPC - /UnityILPP.PostProcessing/ConfigurePostProcessors'
info: Microsoft.AspNetCore.Hosting.Diagnostics[2]
      Request finished HTTP/2 POST http://ilpp/UnityILPP.PostProcessing/ConfigurePostProcessors - 200 - application/grpc 12.5942ms
ExitCode: 0 Duration: 0s228ms
[627/805    0s] ILPP-Configuration Library/ilpp-configuration.nevergeneratedoutput
*** Tundra build success (0.21 seconds), 1 items updated, 805 evaluated
AssetDatabase: script compilation time: 0.502989s
Total cache size 267357162
Total cache size after purge 267357162, took 00:00:00.1263477
Begin MonoManager ReloadAssembly
Symbol file LoadedFromMemory is not a mono symbol file
Native extension for LinuxStandalone target not found
Native extension for iOS target not found
Native extension for Android target not found
Native extension for WindowsStandalone target not found
Native extension for OSXStandalone target not found
Native extension for WebGL target not found
ScheduleIndexationOnStartup MainProcess:True IndexOnStartup:True
Mono: successfully reloaded assembly
- Finished resetting the current domain, in  1.730 seconds
Domain Reload Profiling: 2095ms
	BeginReloadAssembly (88ms)
		DisableScriptedObjects (10ms)
		CreateAndSetChildDomain (21ms)
	RebuildCommonClasses (4ms)
	RebuildNativeTypeToScriptingClass (8ms)
	initialDomainReloadingComplete (20ms)
	LoadAllAssembliesAndSetupDomain (245ms)
		LoadAssemblies (110ms)
		AnalyzeDomain (114ms)
			TypeCache.Refresh (88ms)
				TypeCache.ScanAssembly (79ms)
			BuildScriptInfoCaches (22ms)
			ResolveRequiredComponents (3ms)
	FinalizeReload (1730ms)
		SetupLoadedEditorAssemblies (0ms)
			InitializePlatformSupportModulesInManaged (9ms)
			BeforeProcessingInitializeOnLoad (39ms)
			ProcessInitializeOnLoadAttributes (1417ms)
			ProcessInitializeOnLoadMethodAttributes (83ms)
		AwakeInstancesAfterBackupRestoration (8ms)
Starting new worker id: 0 with log in /Users/philipp/Projects/3DTD/3DTD/3DTD/Logs/AssetImportWorkerHW0.log

Asset Pipeline Refresh (id=7e1785b6d2954494d9d9b1c3ccbf4943): Total: 3.702 seconds - Initiated by InitialRefreshV2(ForceSynchronousImport)
	(Values over 0.05ms)
	Summary:
		Imports: total=0 (actual=0, local cache=0, cache server=0)
		Asset DB Process Time: managed=0 ms, native=2601 ms
		Asset DB Callback time: managed=186 ms, native=9 ms
		Scripting: domain reloads=1, domain reload time=380 ms, compile time=504 ms, other=21 ms
		Project Asset Count: scripts=1963, non-scripts=12974
		Asset File Changes: new=0, changed=0, moved=0, deleted=0
		Scan Filter Count: 1
	InvokePackagesCallback: 9.736ms
	ApplyChangesToAssetFolders: 0.170ms
	Scan: 508.866ms
	Collect global state as custom dependencies: 8.052ms
	CategorizeScriptCompilationAssets: 16.612ms
	ProcessAssetsWithTransientArtifactChanges: 40.061ms
	CategorizeAssets: 137.200ms
	CompileScripts: 503.617ms
	ImportOutOfDateAssets: 1848.439ms (1743.903ms without children)
		UnloadImportedAssets: 0.693ms
		EnsureUptoDateAssetsAreRegisteredWithGuidPM: 1.175ms
		ImportSchedulerStart: 102.629ms
	PostProcessAllAssets: 186.279ms
		MonoPostProcessAllAssets: 186.254ms
			UniversalRenderPipelineGlobalSettingsPostprocessor.OnPostprocessAllAssets 27.843ms
			SyncVS.PostprocessSyncProject 5.321ms
			SpeedTree9Postprocessor.OnPostprocessAllAssets 0.938ms
			WindowAssetPostprocessingWatcher.OnPostprocessAllAssets 0.925ms
			EditModeScopePostprocessor.OnPostprocessAllAssets 0.512ms
			RenderPipelineGlobalSettingsPostprocessor.OnPostprocessAllAssets 0.324ms
			ShaderReflectionAssetPostProcessor.OnPostprocessAllAssets 0.171ms
			ReferencedClipsPostProcessor.OnPostprocessAllAssets 0.120ms
			TerrainToolbarOverlayPostProcessor.OnPostprocessAllAssets 0.102ms
			AssetDatabaseCallbacks.OnPostprocessAllAssets 0.064ms
	UnloadStreamsBegin: 0.783ms
	PersistCurrentRevisions: 0.306ms
	GenerateScriptTypeHashes: 39.214ms
	GenerateScriptTypeSerializationHashes: 40.488ms
	Untracked: 440.420ms

Application.AssetDatabase Initial Refresh End
Shader Hidden/ChartRasterizerHardware is not supported: GPU does not support conservative rasterization
Shader Hidden/ChartRasterizerHardware is not supported: GPU does not support conservative rasterization
Scanning for USB devices : 0.275ms
Initializing Unity extensions:
[MODES] ModeService[none].Initialize
[MODES] ModeService[none].LoadModes
[MODES] Loading mode Default (0) for mode-current-id-3DTD
Unloading 120 Unused Serialized files (Serialized files now loaded: 0)
Unloading 5686 unused Assets / (14.4 MB). Loaded Objects now: 6653.
Memory consumption went from 303.7 MB to 289.3 MB.
Total: 10.928417 ms (FindLiveObjects: 0.280917 ms CreateObjectMapping: 0.993750 ms MarkObjects: 4.593500 ms  DeleteObjects: 5.059875 ms)

Worker ready: AssetImportWorkerHW0 0
PROFILE 701 frames, GC 148 B/frame on the main thread; top allocating paths:
          36 B/frame      0.9 allocs/frame  Update.ScriptRunBehaviourUpdate > BehaviourUpdate > Assembly-CSharp.dll!::Spawner.Update() [Invoke] > Instantiate > Instantiate.Copy
          32 B/frame      0.9 allocs/frame  Update.ScriptRunBehaviourUpdate > BehaviourUpdate > Assembly-CSharp.dll!::Spawner.Update() [Invoke] > Instantiate > Instantiate.Produce
          31 B/frame      0.3 allocs/frame  PlayerLoop > Update.ScriptRunBehaviourUpdate > BehaviourUpdate > Assembly-CSharp.dll!::Spawner.Update() [Invoke]
          19 B/frame      0.2 allocs/frame  PlayerLoop > Update.ScriptRunBehaviourUpdate > BehaviourUpdate > Assembly-CSharp.dll!::Starfighter.Update() [Invoke]
           8 B/frame      0.1 allocs/frame  PlayerLoop > Update.ScriptRunBehaviourUpdate > BehaviourUpdate > Assembly-CSharp.dll!::Tower.Update() [Invoke]
           8 B/frame      0.0 allocs/frame  UnityEngine.UIModule.dll!UnityEngine::Canvas.SendWillRenderCanvases() [Invoke] > Layout > CanvasUpdate.Layout > TMP Parse Text > TMP.SetArraySizes
           4 B/frame      0.0 allocs/frame  PlayerLoop > Update.ScriptRunDelayedDynamicFrameRate > CoroutinesDelayedCalls > Assembly-CSharp.dll!::PerfScenario.RunOne() [Coroutine: MoveNext] [Invoke]
           3 B/frame      0.0 allocs/frame  PlayerLoop > Update.ScriptRunBehaviourUpdate > BehaviourUpdate > Assembly-CSharp.dll!::PerfScenario.Update() [Invoke]
           2 B/frame      0.0 allocs/frame  Update.ScriptRunBehaviourUpdate > BehaviourUpdate > Assembly-CSharp.dll!::PerfScenario.Update() [Invoke] > LogStringToConsole > UnityEngine.CoreModule.dll!UnityEngine::StackTraceUtility.ExtractStackTrace() [Invoke]
           2 B/frame      0.0 allocs/frame  BehaviourUpdate > Assembly-CSharp.dll!::Tower.Update() [Invoke] > 3DTD.Projectiles.Fire > 3DTD.Effects.Play > 3DTD.Effects.Create
           1 B/frame      0.1 allocs/frame  PlayerLoop > Update.ScriptRunDelayedDynamicFrameRate > CoroutinesDelayedCalls > Assembly-CSharp.dll!::Spawner.SpawningWave() [Coroutine: MoveNext] [Invoke]
           1 B/frame      0.0 allocs/frame  Update.ScriptRunBehaviourUpdate > BehaviourUpdate > Assembly-CSharp.dll!::Spawner.Update() [Invoke] > 3DTD.Effects.Play > 3DTD.Effects.Create
           0 B/frame      0.0 allocs/frame  Layout > CanvasUpdate.Layout > TMP Parse Text > TMP.SetArraySizes > TMP.TryAddCharacter
           0 B/frame      0.0 allocs/frame  PlayerLoop > Update.ScriptRunBehaviourUpdate > BehaviourUpdate > Assembly-CSharp.dll!::Spawner.Update() [Invoke] > 3DTD.Effects.Play
           0 B/frame      0.0 allocs/frame  Update.ScriptRunBehaviourUpdate > BehaviourUpdate > Assembly-CSharp.dll!::EffectPlayer.Update() [Invoke] > 3DTD.Effects.Update > 3DTD.Effects.Retire
           0 B/frame      0.0 allocs/frame  PlayerLoop > Update.ScriptRunDelayedDynamicFrameRate > CoroutinesDelayedCalls > Assembly-CSharp.dll!::PerfScenario.RunOne() [Coroutine: MoveNext] [Invoke] > Assembly-CSharp.dll!::Spawner.SpawningWave() [Coroutine: MoveNext] [Invoke]
PROFILE average frame 7.32 ms; top self times per frame:
    0.50 ms  PlayerLoop > Update.ScriptRunBehaviourUpdate > BehaviourUpdate > Assembly-CSharp.dll!::Starfighter.Update() [Invoke]
    0.44 ms  PlayerLoop > Update.ScriptRunBehaviourUpdate > BehaviourUpdate > Assembly-CSharp.dll!::Tower.Update() [Invoke]
    0.39 ms  CullResults.CreateSharedRendererScene > EndRenderQueueExtraction > WaitForJobGroupID > EngineJob > ExecuteRenderQueueJob
    0.34 ms  PlayerLoop > PreLateUpdate.ParticleSystemBeginUpdateAll > ParticleSystem.Update > WaitForJobGroupID
    0.26 ms  PlayerLoop > PreLateUpdate.ParticleSystemBeginUpdateAll > ParticleSystem.Update
    0.23 ms  PlayerLoop > Update.ScriptRunBehaviourUpdate > BehaviourUpdate > Assembly-CSharp.dll!::Spawner.Update() [Invoke]
    0.20 ms  DrawOpaqueObjects > RenderLoop.ScheduleDraw > RenderLoop.ScheduleDraw > RenderLoop.Draw > StdRender.ApplyShader
    0.17 ms  DrawOpaqueObjects > RenderLoop.ScheduleDraw > RenderLoop.ScheduleDraw > RenderLoop.Draw > BatchRenderer.Flush
    0.17 ms  Inl_RenderCameraStack > Inl_UniversalRenderPipeline.RenderSingleCameraInternal: Main Camera > Inl_ExecuteRenderGraph > Inl_Setup Forward Lights > Inl_Setup Light Constants
    0.14 ms  PlayerLoop > PreLateUpdate.PhysicsLateUpdate > Physics.RunSimulationStage > Physics.Simulate > PxScene.simulate
    0.14 ms  ParticleSystem.Update > WaitForJobGroupID > EngineJob > ParticleSystem.UpdateJob > ParticleSystem.CollisionModule
    0.14 ms  DrawTransparentObjects > RenderLoop.ScheduleDraw > RenderLoop.ScheduleDraw > RenderLoop.Draw > StdRender.ApplyShader
    0.13 ms  PlayerLoop > Update.ScriptRunBehaviourUpdate > BehaviourUpdate > Assembly-CSharp.dll!::DeathEffectRenderer.Update() [Invoke] > 3DTD.DeathEffects
    0.11 ms  DrawOpaqueObjects > RenderLoop.ScheduleDraw > RenderLoop.ScheduleDraw > RenderLoop.DrawSRPBatcher > SRPBatcher.Flush
    0.11 ms  PlayerLoop > PreLateUpdate.PhysicsLateUpdate > Physics.PrepareSimulationStage > Physics.SyncTransforms > Physics.WriteRigidbodyPoses
    0.10 ms  RenderLoop.ScheduleDraw > RenderLoop.ScheduleDraw > RenderLoop.Draw > BatchRenderer.Flush > ParticleSystem.Draw
    0.10 ms  PlayerLoop > PostLateUpdate.ProfilerEndFrame > Profiler.FlushCounters > Profiler.FlushMemoryCounters
    0.10 ms  Inl_UniversalRenderTotal > Inl_RenderCameraStack > Inl_UniversalRenderPipeline.RenderSingleCameraInternal: Main Camera > Inl_RecordRenderGraph > Inl_On Record Render Graph
    0.10 ms  MainLightShadow > Shadows.ExecuteDrawShadows > Shadows.ScheduleRenderJobs > Shadows.DrawSRPBatcher > SRPBatcher.Flush
    0.10 ms  Inl_UniversalRenderTotal > Inl_RenderCameraStack > Inl_UniversalRenderPipeline.RenderSingleCameraInternal: Main Camera > CullScriptable > ParticleSystem.ScheduleGeometryJobs
    0.09 ms  UIEvents.WillRenderCanvases > UGUI.Rendering.UpdateBatches > UnityEngine.UIModule.dll!UnityEngine::Canvas.SendWillRenderCanvases() [Invoke] > Layout > CanvasUpdate.Layout
    0.09 ms  PlayerLoop > PostLateUpdate.ParticleSystemEndUpdateAll > ParticleSystem.EndUpdateAll > ParticleSystem.Update2
    0.08 ms  ExecuteRenderGraph > DrawTransparentObjects > RenderLoop.ScheduleDraw > RenderLoop.ScheduleDraw > RenderLoop.Draw
    0.08 ms  PlayerLoop > TimerTick
    0.08 ms  PlayerLoop > Update.ScriptRunBehaviourUpdate > BehaviourUpdate > Assembly-CSharp.dll!::Starfighter.Update() [Invoke] > Physics.SphereCastNonAlloc
    0.07 ms  Shadows.PrepareDrawShadows > EndRenderQueueExtraction > WaitForJobGroupID > EngineJob > ExecuteRenderQueueJob
    0.05 ms  PlayerLoop > Update.ScriptRunBehaviourUpdate > BehaviourUpdate
    0.05 ms  PlayerLoop > PostLateUpdate.ParticleSystemEndUpdateAll > ParticleSystem.EndUpdateAll
    0.05 ms  Inl_RenderCameraStack > Inl_ScriptableRenderContext.Submit > Shadows.PrepareDrawShadows > EndRenderQueueExtraction > WaitForJobGroupID
    0.05 ms  3DTD.Enemy.TakeDamage > 3DTD.Enemy.PopLayer > 3DTD.Enemy.ShowShape > GameObject.Activate > GameObject.ActivateAwakeRecursively
    0.05 ms  Draw Main Light Shadowmap > MainLightShadow > Shadows.ExecuteDrawShadows > Shadows.ScheduleRenderJobs > WaitForJobGroupID
    0.05 ms  PlayerLoop > PreLateUpdate.ParticleSystemBeginUpdateAll > ParticleSystem.Update > WaitForJobGroupID > Idle
    0.04 ms  Inl_UniversalRenderPipeline.RenderSingleCameraInternal: Main Camera > Inl_ExecuteRenderGraph > Inl_Setup Forward Lights > Inl_Setup Light Constants > WaitForJobGroupID
    0.04 ms  Inl_Setup Forward Lights > Inl_Setup Light Constants > WaitForJobGroupID > EngineJob > CullPerObjectLights
    0.04 ms  ExecuteRenderGraph > DrawOpaqueObjects > RenderLoop.ScheduleDraw > RenderLoop.ScheduleDraw > RenderLoop.DrawSRPBatcher
    0.04 ms  ExecuteRenderGraph > DrawOpaqueObjects > RenderLoop.ScheduleDraw > RenderLoop.ScheduleDraw > RenderLoop.Draw
    0.04 ms  Inl_RenderCameraStack > Inl_UniversalRenderPipeline.RenderSingleCameraInternal: Main Camera > CullScriptable > SceneCulling > WaitForJobGroupID
    0.04 ms  Inl_UniversalRenderTotal > Inl_RenderCameraStack > Inl_UniversalRenderPipeline.RenderSingleCameraInternal: Main Camera > CullScriptable > TrailRenderer.ScheduleGeometryJobs
    0.04 ms  PlayerLoop > PostLateUpdate.FinishFrameRendering > DestroyCullResults > RenderLoop.CleanupNodeQueue
    0.03 ms  UnityEngine.CoreModule.dll!UnityEngine.Rendering::RenderPipelineManager.DoRenderLoop_Internal() [Invoke] > Inl_UniversalRenderTotal > Inl_RenderCameraStack > Inl_ScriptableRenderContext.Submit > RenderLoop.CleanupNodeQueue
PROFILE allocation callstacks:
        68 B/frame   1.78 allocs/frame  UnityEngine.CoreModule.dll!UnityEngine::Object.Internal_CloneSingleWithParent() < UnityEngine.CoreModule.dll!UnityEngine::Object.Instantiate() < Assembly-CSharp.dll!::Spawner.PrewarmEnemies() < Assembly-CSharp.dll!::Spawner.Update()
        19 B/frame   0.15 allocs/frame  Assembly-CSharp.dll!::Starfighter.LaunchPendingMissiles() < Assembly-CSharp.dll!::Starfighter.UpdateStrafing() < Assembly-CSharp.dll!::Starfighter.Simulate() < Assembly-CSharp.dll!::Starfighter.Update()
         8 B/frame   0.06 allocs/frame  Assembly-CSharp.dll!::BeamTowerActionStrategy.Tick() < Assembly-CSharp.dll!::BeamTowerActionStrategy.ExecuteAction() < Assembly-CSharp.dll!::Tower.Update()
         8 B/frame   0.00 allocs/frame  Unity.TextMeshPro.dll!TMPro::TMP_FontAsset.AddCharacterToLookupCache() < Unity.TextMeshPro.dll!TMPro::TMP_Text.GetTextElement() < Unity.TextMeshPro.dll!TMPro::TextMeshProUGUI.SetArraySizes() < Unity.TextMeshPro.dll!TMPro::TMP_Text.ParseInputText() < Unity.TextMeshPro.dll!TMPro::TMP_Text.GetPreferredWidth() < Unity.TextMeshPro.dll!TMPro::TMP_Text.get_preferredWidth() < UnityEngine.UI.dll!::<>c.<GetPreferredWidth>b__4_1() < UnityEngine.UI.dll!UnityEngine.UI::LayoutUtility.GetLayoutProperty()
         7 B/frame   0.00 allocs/frame  mscorlib.dll!System.IO::StreamWriter.Init() < mscorlib.dll!System.IO::StreamWriter..ctor() < mscorlib.dll!System.IO::StreamWriter..ctor() < mscorlib.dll!System.IO::File.AppendAllText() < Assembly-CSharp.dll!::BalanceTelemetry.HandleWaveEnded() < Assembly-CSharp.dll!::Spawner.Update()
         4 B/frame   0.01 allocs/frame  mscorlib.dll!System.Text::StringBuilder.ExpandByABlock() < mscorlib.dll!System.Text::StringBuilder.Append() < mscorlib.dll!System.Text::StringBuilder.AppendHelper() < mscorlib.dll!System.Text::StringBuilder.Append() < mscorlib.dll!System.Text::StringBuilder.AppendLine() < Assembly-CSharp.dll!::BalanceTelemetry.HandleWaveEnded() < Assembly-CSharp.dll!::Spawner.Update()
         3 B/frame   0.09 allocs/frame  mscorlib.dll!System::Number.UInt32ToDecStr() < mscorlib.dll!System::Number.FormatInt32() < mscorlib.dll!System::Int32.ToString() < Assembly-CSharp.dll!::BalanceTelemetry.HandleWaveEnded() < Assembly-CSharp.dll!::Spawner.Update()
         3 B/frame   0.01 allocs/frame  Assembly-CSharp.dll!::BalanceTelemetry.Snapshot() < Assembly-CSharp.dll!::BalanceTelemetry.HandleWaveEnded() < Assembly-CSharp.dll!::Spawner.Update()
         3 B/frame   0.01 allocs/frame  Assembly-CSharp.dll!::BalanceTelemetry.Snapshot() < Assembly-CSharp.dll!::BalanceTelemetry.HandleWaveStarted() < Assembly-CSharp.dll!::Spawner.StartNextWave() < Assembly-CSharp.dll!::<RunOne>d__48.MoveNext() < UnityEngine.CoreModule.dll!UnityEngine::SetupCoroutine.InvokeMoveNext()
         2 B/frame   0.00 allocs/frame  mscorlib.dll!System::String.CreateStringFromEncoding() < mscorlib.dll!System.Text::Encoding.GetString() < mscorlib.dll!System.Text::Encoding.GetString() < mscorlib.dll!System::String.Ctor() < mscorlib.dll!System::String.CreateString() < UnityEngine.CoreModule.dll!UnityEngine::StackTraceUtility.ExtractStackTrace() < UnityEngine.CoreModule.dll!UnityEngine::DebugLogHandler.Internal_Log() < UnityEngine.CoreModule.dll!UnityEngine::DebugLogHandler.LogFormat()
         2 B/frame   0.01 allocs/frame  mscorlib.dll!System::String.JoinCore() < mscorlib.dll!System::String.Join() < mscorlib.dll!System::String.Join() < Assembly-CSharp.dll!::BalanceTelemetry.HandleWaveEnded() < Assembly-CSharp.dll!::Spawner.Update()
         2 B/frame   0.00 allocs/frame  mscorlib.dll!System.Text::StringBuilder.ToString() < Assembly-CSharp.dll!::BalanceTelemetry.HandleWaveEnded() < Assembly-CSharp.dll!::Spawner.Update()
         2 B/frame   0.01 allocs/frame  Assembly-CSharp.dll!::BalanceTelemetry.HandleWaveEnded() < Assembly-CSharp.dll!::Spawner.Update()
         1 B/frame   0.05 allocs/frame  mscorlib.dll!System::String.Ctor() < mscorlib.dll!System::String.CreateString() < mscorlib.dll!System.Text::ValueStringBuilder.ToString() < mscorlib.dll!System::Number.FormatSingle() < mscorlib.dll!System::Single.ToString() < Assembly-CSharp.dll!::BalanceTelemetry.HandleWaveEnded() < Assembly-CSharp.dll!::Spawner.Update()
         1 B/frame   0.03 allocs/frame  mscorlib.dll!System::String.InternalSubString() < mscorlib.dll!System::String.Substring() < mscorlib.dll!System::String.SplitKeepEmptyEntries() < mscorlib.dll!System::String.SplitInternal() < mscorlib.dll!System::String.Split() < mscorlib.dll!System.IO::Path.CanonicalizePath() < mscorlib.dll!System.IO::Path.InsecureGetFullPath() < mscorlib.dll!System.IO::Path.GetFullPath()
         1 B/frame   0.00 allocs/frame  mscorlib.dll!System.Text::StringBuilder.ToString() < Assembly-CSharp.dll!::PerfScenario.Update()
         1 B/frame   0.00 allocs/frame  mscorlib.dll!System.Text::StringBuilder.ToString() < mscorlib.dll!System.Text::StringBuilderCache.GetStringAndRelease() < mscorlib.dll!System::String.FormatHelper() < mscorlib.dll!System::String.Format() < UnityEngine.CoreModule.dll!UnityEngine::DebugLogHandler.LogFormat() < UnityEngine.CoreModule.dll!UnityEngine::Logger.Log() < UnityEngine.CoreModule.dll!UnityEngine::Debug.Log() < Assembly-CSharp.dll!::PerfScenario.Update()
         1 B/frame   0.03 allocs/frame  UnityEngine.CoreModule.dll!UnityEngine::GameObject.get_transform() < Assembly-CSharp.dll!::Spawner.SpawnEnemy() < Assembly-CSharp.dll!::<SpawningWave>d__59.MoveNext() < UnityEngine.CoreModule.dll!UnityEngine::SetupCoroutine.InvokeMoveNext()
         1 B/frame   0.03 allocs/frame  UnityEngine.CoreModule.dll!UnityEngine::Component.GetComponentFastPath() < Assembly-CSharp.dll!::Enemy.Register() < Assembly-CSharp.dll!::Enemy.Initialize() < Assembly-CSharp.dll!::Spawner.SpawnEnemy() < Assembly-CSharp.dll!::<SpawningWave>d__59.MoveNext() < UnityEngine.CoreModule.dll!UnityEngine::SetupCoroutine.InvokeMoveNext()
         1 B/frame   0.00 allocs/frame  mscorlib.dll!System.Text::StringBuilder.ExpandByABlock() < mscorlib.dll!System.Text::StringBuilder.Append() < mscorlib.dll!System.Text::StringBuilder.AppendHelper() < mscorlib.dll!System.Text::StringBuilder.Append() < mscorlib.dll!System.Text::StringBuilder.AppendFormatHelper() < mscorlib.dll!System::String.FormatHelper() < mscorlib.dll!System::String.Format() < UnityEngine.CoreModule.dll!UnityEngine::DebugLogHandler.LogFormat()
         1 B/frame   0.00 allocs/frame  mscorlib.dll!System::String.JoinCore() < mscorlib.dll!System::String.Join() < mscorlib.dll!System.IO::Path.CanonicalizePath() < mscorlib.dll!System.IO::Path.InsecureGetFullPath() < mscorlib.dll!System.IO::Path.GetFullPath() < mscorlib.dll!System.IO::Directory.Exists() < mscorlib.dll!System.IO::FileStream..ctor() < mscorlib.dll!System.IO::FileStream..ctor()
         1 B/frame   0.01 allocs/frame  mscorlib.dll!System::String.Concat() < Assembly-CSharp.dll!::BalanceTelemetry.Quote() < Assembly-CSharp.dll!::BalanceTelemetry.HandleWaveEnded() < Assembly-CSharp.dll!::Spawner.Update()
         1 B/frame   0.00 allocs/frame  mscorlib.dll!System.Text::StringBuilder.set_Length() < mscorlib.dll!System.Text::StringBuilder.Clear() < mscorlib.dll!System.Text::StringBuilderCache.Acquire() < mscorlib.dll!System::String.FormatHelper() < mscorlib.dll!System::String.Format() < UnityEngine.CoreModule.dll!UnityEngine::DebugLogHandler.LogFormat() < UnityEngine.CoreModule.dll!UnityEngine::Logger.Log() < UnityEngine.CoreModule.dll!UnityEngine::Debug.Log()
         1 B/frame   0.01 allocs/frame  mscorlib.dll!System::String.Ctor() < mscorlib.dll!System::String.CreateString() < UnityEngine.CoreModule.dll!UnityEngine.Bindings::OutStringMarshaller.GetStringAndDispose() < UnityEngine.CoreModule.dll!UnityEngine::Object.GetName() < UnityEngine.CoreModule.dll!UnityEngine::Object.get_name() < Assembly-CSharp.dll!::EffectInstance..ctor() < Assembly-CSharp.dll!::EffectPool.Create() < Assembly-CSharp.dll!::EffectPool.Take()
         0 B/frame   0.01 allocs/frame  Assembly-CSharp.dll!::RuntimeWave..ctor() < Assembly-CSharp.dll!::Spawner.BuildRuntimeWave() < Assembly-CSharp.dll!::Spawner.SetPrewarmTargetForNextWave() < Assembly-CSharp.dll!::Spawner.Update()
PROFILE slowest frames (top self times):
  frame 1: 24.4 ms
      6.23 ms  PlayerLoop > Update.ScriptRunBehaviourUpdate > BehaviourUpdate > Assembly-CSharp.dll!::Starfighter.Update() [Invoke]
      3.34 ms  PlayerLoop > PreLateUpdate.ParticleSystemBeginUpdateAll > ParticleSystem.Update > WaitForJobGroupID > Idle
      3.12 ms  ParticleSystem.Update > WaitForJobGroupID > EngineJob > ParticleSystem.UpdateJob > ParticleSystem.CollisionModule
      1.16 ms  PlayerLoop > PreLateUpdate.ParticleSystemBeginUpdateAll > ParticleSystem.Update > WaitForJobGroupID
      1.08 ms  PlayerLoop > Update.ScriptRunBehaviourUpdate > BehaviourUpdate > Assembly-CSharp.dll!::Tower.Update() [Invoke]
      0.82 ms  PlayerLoop > Update.ScriptRunBehaviourUpdate > BehaviourUpdate > Assembly-CSharp.dll!::Starfighter.Update() [Invoke] > Physics.SphereCastNonAlloc
      0.62 ms  PlayerLoop > Update.ScriptRunBehaviourUpdate > BehaviourUpdate > Assembly-CSharp.dll!::PerfScenario.Update() [Invoke] > Mono.JIT
      0.40 ms  CullResults.CreateSharedRendererScene > EndRenderQueueExtraction > WaitForJobGroupID > EngineJob > ExecuteRenderQueueJob
  frame 321: 14.6 ms
      3.61 ms  PlayerLoop > Update.ScriptRunBehaviourUpdate > BehaviourUpdate > Assembly-CSharp.dll!::Spawner.Update() [Invoke]
      2.89 ms  PlayerLoop > Update.ScriptRunDelayedDynamicFrameRate > CoroutinesDelayedCalls > Assembly-CSharp.dll!::PerfScenario.RunOne() [Coroutine: MoveNext] [Invoke]
      1.28 ms  Update.ScriptRunBehaviourUpdate > BehaviourUpdate > Assembly-CSharp.dll!::Spawner.Update() [Invoke] > GC.Alloc > Profiler.Callstack
      0.43 ms  CullResults.CreateSharedRendererScene > EndRenderQueueExtraction > WaitForJobGroupID > EngineJob > ExecuteRenderQueueJob
      0.34 ms  PlayerLoop > PreLateUpdate.ParticleSystemBeginUpdateAll > ParticleSystem.Update
  frame 590: 13.0 ms
      1.53 ms  PlayerLoop > Update.ScriptRunBehaviourUpdate > BehaviourUpdate > Assembly-CSharp.dll!::Starfighter.Update() [Invoke]
      1.14 ms  PlayerLoop > Update.ScriptRunBehaviourUpdate > BehaviourUpdate > Assembly-CSharp.dll!::Tower.Update() [Invoke]
      0.56 ms  3DTD.Projectiles.Apply > 3DTD.Enemy.TakeDamage > 3DTD.Enemy.PopLayer > GameObject.Deactivate > GameObject.ActivateAwakeRecursively
      0.51 ms  ParticleSystem.Update > WaitForJobGroupID > EngineJob > ParticleSystem.UpdateJob > ParticleSystem.CollisionModule
      0.49 ms  3DTD.Enemy.TakeDamage > 3DTD.Enemy.PopLayer > 3DTD.Enemy.ShowShape > GameObject.Activate > GameObject.ActivateAwakeRecursively
      0.41 ms  CullResults.CreateSharedRendererScene > EndRenderQueueExtraction > WaitForJobGroupID > EngineJob > ExecuteRenderQueueJob
      0.39 ms  DrawOpaqueObjects > RenderLoop.ScheduleDraw > RenderLoop.ScheduleDraw > RenderLoop.Draw > StdRender.ApplyShader
      0.39 ms  PlayerLoop > Update.ScriptRunBehaviourUpdate > BehaviourUpdate > Assembly-CSharp.dll!::Spawner.Update() [Invoke]
  frame 600: 12.7 ms
      1.73 ms  PlayerLoop > Update.ScriptRunBehaviourUpdate > BehaviourUpdate > Assembly-CSharp.dll!::Starfighter.Update() [Invoke]
      1.05 ms  PlayerLoop > Update.ScriptRunBehaviourUpdate > BehaviourUpdate > Assembly-CSharp.dll!::Tower.Update() [Invoke]
      0.52 ms  3DTD.Enemy.TakeDamage > 3DTD.Enemy.PopLayer > 3DTD.Enemy.ShowShape > GameObject.Activate > GameObject.ActivateAwakeRecursively
      0.49 ms  CullResults.CreateSharedRendererScene > EndRenderQueueExtraction > WaitForJobGroupID > EngineJob > ExecuteRenderQueueJob
      0.45 ms  DrawOpaqueObjects > RenderLoop.ScheduleDraw > RenderLoop.ScheduleDraw > RenderLoop.Draw > StdRender.ApplyShader
      0.35 ms  DrawOpaqueObjects > RenderLoop.ScheduleDraw > RenderLoop.ScheduleDraw > RenderLoop.Draw > BatchRenderer.Flush
      0.33 ms  PlayerLoop > PreLateUpdate.ParticleSystemBeginUpdateAll > ParticleSystem.Update
      0.32 ms  PlayerLoop > Update.ScriptRunBehaviourUpdate > BehaviourUpdate > Assembly-CSharp.dll!::Spawner.Update() [Invoke]
  frame 601: 12.7 ms
      1.77 ms  PlayerLoop > Update.ScriptRunBehaviourUpdate > BehaviourUpdate > Assembly-CSharp.dll!::Starfighter.Update() [Invoke]
      1.02 ms  PlayerLoop > Update.ScriptRunBehaviourUpdate > BehaviourUpdate > Assembly-CSharp.dll!::Tower.Update() [Invoke]
      0.56 ms  PlayerLoop > PreLateUpdate.ParticleSystemBeginUpdateAll > ParticleSystem.Update > WaitForJobGroupID > Idle
      0.51 ms  PlayerLoop > PreLateUpdate.ParticleSystemBeginUpdateAll > ParticleSystem.Update > WaitForJobGroupID
      0.45 ms  CullResults.CreateSharedRendererScene > EndRenderQueueExtraction > WaitForJobGroupID > EngineJob > ExecuteRenderQueueJob
      0.41 ms  DrawOpaqueObjects > RenderLoop.ScheduleDraw > RenderLoop.ScheduleDraw > RenderLoop.Draw > StdRender.ApplyShader
      0.41 ms  PlayerLoop > Update.ScriptRunBehaviourUpdate > BehaviourUpdate > Assembly-CSharp.dll!::Spawner.Update() [Invoke]
      0.35 ms  ParticleSystem.Update > WaitForJobGroupID > EngineJob > ParticleSystem.UpdateJob > ParticleSystem.CollisionModule
  frame 589: 12.3 ms
      1.85 ms  PlayerLoop > Update.ScriptRunBehaviourUpdate > BehaviourUpdate > Assembly-CSharp.dll!::Starfighter.Update() [Invoke]
      1.10 ms  PlayerLoop > Update.ScriptRunBehaviourUpdate > BehaviourUpdate > Assembly-CSharp.dll!::Tower.Update() [Invoke]
      0.47 ms  PlayerLoop > Update.ScriptRunBehaviourUpdate > BehaviourUpdate > Assembly-CSharp.dll!::Spawner.Update() [Invoke]
      0.44 ms  CullResults.CreateSharedRendererScene > EndRenderQueueExtraction > WaitForJobGroupID > EngineJob > ExecuteRenderQueueJob
      0.43 ms  DrawOpaqueObjects > RenderLoop.ScheduleDraw > RenderLoop.ScheduleDraw > RenderLoop.Draw > StdRender.ApplyShader
      0.41 ms  PlayerLoop > PreLateUpdate.ParticleSystemBeginUpdateAll > ParticleSystem.Update > WaitForJobGroupID
      0.33 ms  PlayerLoop > Update.ScriptRunBehaviourUpdate > BehaviourUpdate > Assembly-CSharp.dll!::DeathEffectRenderer.Update() [Invoke] > 3DTD.DeathEffects
      0.32 ms  DrawOpaqueObjects > RenderLoop.ScheduleDraw > RenderLoop.ScheduleDraw > RenderLoop.Draw > BatchRenderer.Flush
UnityEngine.Debug:ExtractStackTraceNoAlloc (byte*,int,string)
UnityEngine.StackTraceUtility:ExtractStackTrace () (at /Users/bokken/build/output/unity/unity/Runtime/Export/Scripting/StackTrace.cs:35)
UnityEngine.DebugLogHandler:Internal_Log (UnityEngine.LogType,UnityEngine.LogOption,string,UnityEngine.Object)
UnityEngine.DebugLogHandler:LogFormat (UnityEngine.LogType,UnityEngine.Object,string,object[])
UnityEngine.Logger:Log (UnityEngine.LogType,object)
UnityEngine.Debug:Log (object)
ProfileReport:Report () (at Assets/Editor/Perf/ProfileReport.cs:127)
ProfileReport:Run () (at Assets/Editor/Perf/ProfileReport.cs:30)

(Filename: Assets/Editor/Perf/ProfileReport.cs Line: 127)

MonoPathRemapper: Attempts to remap: 33533; Successful remaps: 2
Serialized file version minimum: 23, current 23
Killing ADB server in 0.03442 seconds.
"MSBuild-Server" wird heruntergefahren...
"VB/C#-Compilerserver" wird heruntergefahren...
Thread 0x16bcc7000 may have been prematurely finalized
"VB/C#-Compilerserver" wurde erfolgreich heruntergefahren.
Input System module state changed to: ShutdownInProgress.
Input Polling Thread exited.
Input System module state changed to: Shutdown.
[Physics::Module] Cleanup current backend.
[Physics::Module] Id: 0xf2b8ea05
[Licensing::IpcConnector] LicenseClient-philipp-notifications channel disconnected successfully.
[Licensing::IpcConnector] LicenseClient-philipp channel disconnected successfully.
Thread 0x16c393000 may have been prematurely finalized
Thread 0x16c4ab000 may have been prematurely finalized
Thread 0x16c41f000 may have been prematurely finalized
Thread 0x16c537000 may have been prematurely finalized
Thread 0x16c5c3000 may have been prematurely finalized
Thread 0x16c6db000 may have been prematurely finalized
Thread 0x16c64f000 may have been prematurely finalized
Thread 0x16c767000 may have been prematurely finalized
"MSBuild-Server" wurde erfolgreich heruntergefahren.
Lingering sessions upon destruction of worker manager
AcceleratorClientConnectionCallback - disconnected - :0
Thread 0x17367f000 may have been prematurely finalized
info: Microsoft.Hosting.Lifetime[0]
      Application is shutting down...
Cleanup mono
CodeReloadManager destroyed
info: Unity.ILPP.Runner.PostProcessingAssemblyLoadContext[0]
      ALC ILPP context 1 is unloading
debugger-agent: Unable to listen on 44
[usbmuxd] Stop listen thread
[usbmuxd] Error: 
[usbmuxd] Listen thread exiting
